// Jest Snapshot v1, https://goo.gl/fbAQLP

exports[`corporate resources supply the real execution role and vault key without generated replacements 1`] = `
[
  {
    "cpu": "1024",
    "executionRole": "arn:aws:iam::123456789012:role/corporate-ecs",
    "memory": "2048",
  },
]
`;

exports[`corporate resources supply the real execution role and vault key without generated replacements 2`] = `
[
  {
    "cpu": "512",
    "executionRole": {
      "Fn::GetAtt": [
        "ServiceTaskExecutionRole7FF764CA",
        "Arn",
      ],
    },
    "memory": "1024",
  },
]
`;
